EN oparatorler NULL C:/Users/ASUS/Desktop/ISE/Toplama_cikarma_bolme_carpma/oparatorler.vhd sub00/vhpl00 1617749717
EN matematik NULL C:/Users/ASUS/Desktop/ISE/Toplama_cikarma_bolme_carpma/matematik.vhd sub00/vhpl02 1617752874
AR oparatorler behavioral C:/Users/ASUS/Desktop/ISE/Toplama_cikarma_bolme_carpma/oparatorler.vhd sub00/vhpl01 1617749718
AR matematik behavioral C:/Users/ASUS/Desktop/ISE/Toplama_cikarma_bolme_carpma/matematik.vhd sub00/vhpl03 1617752875
