AR geckme_4l2 behavioral C:/Users/ASUS/Gecikme_4L2/Geckme_4L2.vhd sub00/vhpl03 1618826538
AR reg archi C:/Users/ASUS/Gecikme_4L2/Geckme_4L2.vhd sub00/vhpl01 1618826536
EN reg NULL C:/Users/ASUS/Gecikme_4L2/Geckme_4L2.vhd sub00/vhpl00 1618826535
EN geckme_4l2 NULL C:/Users/ASUS/Gecikme_4L2/Geckme_4L2.vhd sub00/vhpl02 1618826537
