EN sil NULL C:/Users/ASUS/Desktop/ISE/Yedinci_Hafta_Float_Point/sil.vhd sub00/vhpl02 1619979444
EN cikarici NULL C:/Users/ASUS/Desktop/ISE/Yedinci_Hafta_Float_Point/ipcore_dir/cikarici.vhd sub00/vhpl00 1619979442
AR cikarici cikarici_a C:/Users/ASUS/Desktop/ISE/Yedinci_Hafta_Float_Point/ipcore_dir/cikarici.vhd sub00/vhpl01 1619979443
AR sil behavioral C:/Users/ASUS/Desktop/ISE/Yedinci_Hafta_Float_Point/sil.vhd sub00/vhpl03 1619979445
