EN proje NULL C:/Users/ASUS/Desktop/ISE/FloatingPointNumber-Tabanli/proje.vhd sub00/vhpl00 1618317641
EN cikarici NULL C:/Users/ASUS/Desktop/ISE/FloatingPointNumber-Tabanli/ipcore_dir/cikarici.vhd sub00/vhpl01 1618317639
AR cikarici cikarici_a C:/Users/ASUS/Desktop/ISE/FloatingPointNumber-Tabanli/ipcore_dir/cikarici.vhd sub00/vhpl02 1618317640
AR proje behavioral C:/Users/ASUS/Desktop/ISE/FloatingPointNumber-Tabanli/proje.vhd sub00/vhpl03 1618317642
