V3 3
FL C:/Users/ASUS/Desktop/ISE/Secici_Devre_1/Multix_4bit.vhd 2021/04/06.18:57:23 P.20131013
EN work/Multix_4bit 1617724650 \
      FL C:/Users/ASUS/Desktop/ISE/Secici_Devre_1/Multix_4bit.vhd \
      PB ieee/std_logic_1164 1381692176 PB ieee/STD_LOGIC_UNSIGNED 1381692179
AR work/Multix_4bit/Behavioral 1617724651 \
      FL C:/Users/ASUS/Desktop/ISE/Secici_Devre_1/Multix_4bit.vhd \
      EN work/Multix_4bit 1617724650
