V3 3
FL C:/Users/ASUS/Desktop/ISE/sinava_yonelik/sayici_devresi.vhd 2021/04/18.22:27:09 P.20131013
EN work/sayici_devresi 1618774397 \
      FL C:/Users/ASUS/Desktop/ISE/sinava_yonelik/sayici_devresi.vhd \
      PB ieee/std_logic_1164 1381692176 PB ieee/STD_LOGIC_SIGNED 1381692178
AR work/sayici_devresi/Behavioral 1618774398 \
      FL C:/Users/ASUS/Desktop/ISE/sinava_yonelik/sayici_devresi.vhd \
      EN work/sayici_devresi 1618774397
