V3 3
FL C:/Users/ASUS/Desktop/ISE/COUNTER/COUNTER.vhd 2021/03/29.02:06:30 P.20131013
EN work/COUNTER 1616972791 FL C:/Users/ASUS/Desktop/ISE/COUNTER/COUNTER.vhd \
      PB ieee/std_logic_1164 1381692176 PB ieee/STD_LOGIC_UNSIGNED 1381692179
AR work/COUNTER/Behavioral 1616972792 \
      FL C:/Users/ASUS/Desktop/ISE/COUNTER/COUNTER.vhd EN work/COUNTER 1616972791
