EN bol NULL C:/Users/ASUS/Desktop/ISE/Ikiye_bolen/bol.vhd sub00/vhpl02 1617739649
AR bol behavioral C:/Users/ASUS/Desktop/ISE/Ikiye_bolen/bol.vhd sub00/vhpl03 1617739650
EN ikiye_bol NULL C:/Users/ASUS/Desktop/ISE/Ikiye_bolen/ikiye_bol.vhd sub00/vhpl00 1617739401
AR ikiye_bol behavioral C:/Users/ASUS/Desktop/ISE/Ikiye_bolen/ikiye_bol.vhd sub00/vhpl01 1617739402
