AR gecikme_7 behavioral C:/Users/ASUS/Gecikme_7/Gecikme_7.vhd sub00/vhpl03 1610959564
EN gecikme_7 NULL C:/Users/ASUS/Gecikme_7/Gecikme_7.vhd sub00/vhpl02 1610959563
AR reg archi C:/Users/ASUS/Gecikme_7/Gecikme_7.vhd sub00/vhpl01 1610959562
EN reg NULL C:/Users/ASUS/Gecikme_7/Gecikme_7.vhd sub00/vhpl00 1610959561
