V3 3
FL C:/Users/ASUS/Desktop/ISE/SeciciDevre/Multi_6x1.vhd 2021/04/06.17:56:17 P.20131013
EN work/Multi_6x1 1617720990 \
      FL C:/Users/ASUS/Desktop/ISE/SeciciDevre/Multi_6x1.vhd \
      PB ieee/std_logic_1164 1381692176 PB ieee/STD_LOGIC_UNSIGNED 1381692179
AR work/Multi_6x1/Behavioral 1617720991 \
      FL C:/Users/ASUS/Desktop/ISE/SeciciDevre/Multi_6x1.vhd EN work/Multi_6x1 1617720990
