AR odev3 behavioral C:/Users/ASUS/Desktop/ISE/sekizinci_hafta_2/odev3.vhd sub00/vhpl07 1620048622
EN toplama NULL C:/Users/ASUS/Desktop/ISE/sekizinci_hafta_2/ipcore_dir/Toplama.vhd sub00/vhpl05 1620048619
AR carpma carpma_a C:/Users/ASUS/Desktop/ISE/sekizinci_hafta_2/ipcore_dir/Carpma.vhd sub00/vhpl01 1620048618
AR reg behavioral C:/Users/ASUS/Desktop/ISE/sekizinci_hafta_2/odev3.vhd sub00/vhpl04 1620048624
AR toplama toplama_a C:/Users/ASUS/Desktop/ISE/sekizinci_hafta_2/ipcore_dir/Toplama.vhd sub00/vhpl06 1620048620
EN odev3 NULL C:/Users/ASUS/Desktop/ISE/sekizinci_hafta_2/odev3.vhd sub00/vhpl02 1620048621
EN carpma NULL C:/Users/ASUS/Desktop/ISE/sekizinci_hafta_2/ipcore_dir/Carpma.vhd sub00/vhpl00 1620048617
EN reg NULL C:/Users/ASUS/Desktop/ISE/sekizinci_hafta_2/odev3.vhd sub00/vhpl03 1620048623
